// Jest Snapshot v1, https://goo.gl/fbAQLP

exports[`Snapshot - Link Component should match snapshot 1`] = `
<g
  onClick={[Function]}
  onContextMenu={[Function]}
  onMouseOut={[Function]}
  onMouseOver={[Function]}
>
  <path
    style={
      Object {
        "cursor": undefined,
        "fill": "none",
        "opacity": "1",
        "stroke": "red",
        "strokeWidth": "2",
      }
    }
  />
</g>
`;
